// Jest Snapshot v1, https://goo.gl/fbAQLP

exports[`Home component test renders as expected 1`] = `
<App
  store={
    ObservableListStore {
      "cnt": 0,
      "loading": false,
      Symbol(mobx did run lazy initializers): true,
      Symbol(mobx administration): ObservableObjectAdministration$$1 {
        "defaultEnhancer": [Function],
        "keysAtom": Atom$$1 {
          "diffValue": 0,
          "isBeingObserved": false,
          "isPendingUnobservation": false,
          "lastAccessedBy": 0,
          "lowestObserverState": 2,
          "name": "ObservableListStore@2.keys",
          "observers": Set {},
        },
        "name": "ObservableListStore@2",
        "target": [Circular],
        "values": Map {
          "cnt" => 0,
          "loading" => false,
        },
      },
    }
  }
/>
`;

exports[`Home renders without crashing 1`] = `
<View
  style={
    Object {
      "alignItems": "center",
      "backgroundColor": "#F5FCFF",
      "flex": 1,
      "justifyContent": "center",
    }
  }
>
  <Text
    accessible={true}
    allowFontScaling={true}
    ellipsizeMode="tail"
    style={
      Object {
        "fontSize": 20,
        "margin": 10,
        "textAlign": "center",
      }
    }
  >
    Hello
  </Text>
  <View
    accessibilityComponentType="button"
    accessibilityTraits={
      Array [
        "button",
      ]
    }
    accessible={true}
    isTVSelectable={true}
    onResponderGrant={[Function]}
    onResponderMove={[Function]}
    onResponderRelease={[Function]}
    onResponderTerminate={[Function]}
    onResponderTerminationRequest={[Function]}
    onStartShouldSetResponder={[Function]}
    style={
      Object {
        "opacity": 1,
      }
    }
  >
    <View
      style={
        Array [
          Object {},
        ]
      }
    >
      <Text
        accessible={true}
        allowFontScaling={true}
        ellipsizeMode="tail"
        style={
          Array [
            Object {
              "color": "#007AFF",
              "fontSize": 18,
              "padding": 8,
              "textAlign": "center",
            },
          ]
        }
      >
        click
      </Text>
    </View>
  </View>
  <Text
    accessible={true}
    allowFontScaling={true}
    ellipsizeMode="tail"
    style={
      Object {
        "color": "#333333",
        "marginBottom": 5,
        "textAlign": "center",
      }
    }
  >
    count: 
    0
    

    this.props.store.cnt: 
    0
  </Text>
</View>
`;
